../Middlewares/ST/STM32_USB_Host_Library/Class/MSC/Src/usbh_msc.c:137:27:USBH_MSC_InterfaceInit	48	static
../Middlewares/ST/STM32_USB_Host_Library/Class/MSC/Src/usbh_msc.c:235:27:USBH_MSC_InterfaceDeInit	24	static
../Middlewares/ST/STM32_USB_Host_Library/Class/MSC/Src/usbh_msc.c:269:27:USBH_MSC_ClassRequest	24	static
../Middlewares/ST/STM32_USB_Host_Library/Class/MSC/Src/usbh_msc.c:326:27:USBH_MSC_Process	32	static
../Middlewares/ST/STM32_USB_Host_Library/Class/MSC/Src/usbh_msc.c:553:27:USBH_MSC_SOFProcess	16	static
../Middlewares/ST/STM32_USB_Host_Library/Class/MSC/Src/usbh_msc.c:567:27:USBH_MSC_RdWrProcess	40	static
../Middlewares/ST/STM32_USB_Host_Library/Class/MSC/Src/usbh_msc.c:672:9:USBH_MSC_IsReady	24	static
../Middlewares/ST/STM32_USB_Host_Library/Class/MSC/Src/usbh_msc.c:695:9:USBH_MSC_GetMaxLUN	24	static
../Middlewares/ST/STM32_USB_Host_Library/Class/MSC/Src/usbh_msc.c:714:9:USBH_MSC_UnitIsReady	24	static
../Middlewares/ST/STM32_USB_Host_Library/Class/MSC/Src/usbh_msc.c:741:20:USBH_MSC_GetLUNInfo	32	static
../Middlewares/ST/STM32_USB_Host_Library/Class/MSC/Src/usbh_msc.c:769:20:USBH_MSC_Read	40	static
../Middlewares/ST/STM32_USB_Host_Library/Class/MSC/Src/usbh_msc.c:815:20:USBH_MSC_Write	40	static
